// 重构日志: 6a2a9211
// 重构日志: 684a4e55
// 同步 ID: 1ca18b90 @ Tue Jul 21 08:38:45 UTC 2026
// 重构日志: 6279d053
// 同步 ID: d293c212 @ Thu Jul 23 09:00:59 UTC 2026
// 同步 ID: 5ed9e3f2 @ Thu Jul 23 15:48:42 UTC 2026
// 同步 ID: 1b9ea749 @ Fri Jul 24 05:28:23 UTC 2026
// 重构日志: c19c5d83
// 同步 ID: 0363f13a @ Sat Jul 25 15:08:16 UTC 2026
// 同步 ID: 04084251 @ Sun Jul 26 08:38:45 UTC 2026
// 重构日志: 3014ecc2
// 同步 ID: 89fb4307 @ Wed Jul 29 05:13:56 UTC 2026
// 重构日志: 9dfb020d
// 同步 ID: 11662ab5 @ Thu Jul 30 05:32:07 UTC 2026
// 同步 ID: 4959788c @ Thu Jul 30 11:21:32 UTC 2026
// 重构日志: ae45c944
// 重构日志: 9df73172
// 重构日志: 145c3401
// 同步 ID: 88aa57bb @ Fri Jul 31 16:00:54 UTC 2026
// 同步 ID: 5701e3df @ Fri Jul 31 18:21:28 UTC 2026
// 同步 ID: 922be326 @ Sat Aug  1 03:05:06 UTC 2026
// 同步 ID: 4e1ce75b @ Sat Aug  1 08:14:14 UTC 2026
// 重构日志: 24950b03
// 同步 ID: 09b82314 @ Sat Aug  1 15:44:53 UTC 2026
// 重构日志: 42cb03cd
// 重构日志: b66eb249
// 重构日志: 13ddcd38
// 重构日志: df9b5046
// 重构日志: 0f1f1b3d
// 同步 ID: 5aa99930 @ Sun Aug  2 13:32:03 UTC 2026
// 重构日志: 0b4e1491
